[    0.000000] Linux version 5.15.36-yocto-standard (oe-user@oe-host) (x86_64-dts-linux-gcc (GCC) 11.2.0, GNU ld (GNU Binutils) 2.38.20220516) #1 SMP PREEMPT Thu Apr 28 13:26:38 UTC 2022
[    0.000000] Command line: BOOT_IMAGE=/vmlinuz label=boot root=PARTUUID=d887ce30-02  rootwait quiet
[    0.000000] x86/fpu: x87 FPU will use FXSAVE
[    0.000000] signal: max sigframe size: 1440
[    0.000000] BIOS-provided physical RAM map:
[    0.000000] BIOS-e820: [mem 0x0000000000000000-0x000000000009d3ff] usable
[    0.000000] BIOS-e820: [mem 0x000000000009d400-0x000000000009ffff] reserved
[    0.000000] BIOS-e820: [mem 0x00000000000d2000-0x00000000000d3fff] reserved
[    0.000000] BIOS-e820: [mem 0x00000000000e4000-0x00000000000fffff] reserved
[    0.000000] BIOS-e820: [mem 0x0000000000100000-0x00000000b76a0fff] usable
[    0.000000] BIOS-e820: [mem 0x00000000b76a1000-0x00000000b76a6fff] reserved
[    0.000000] BIOS-e820: [mem 0x00000000b76a7000-0x00000000b77d1fff] usable
[    0.000000] BIOS-e820: [mem 0x00000000b77d2000-0x00000000b780efff] reserved
[    0.000000] BIOS-e820: [mem 0x00000000b780f000-0x00000000b7908fff] usable
[    0.000000] BIOS-e820: [mem 0x00000000b7909000-0x00000000b7b0efff] reserved
[    0.000000] BIOS-e820: [mem 0x00000000b7b0f000-0x00000000b7b18fff] usable
[    0.000000] BIOS-e820: [mem 0x00000000b7b19000-0x00000000b7b1efff] reserved
[    0.000000] BIOS-e820: [mem 0x00000000b7b1f000-0x00000000b7b63fff] usable
[    0.000000] BIOS-e820: [mem 0x00000000b7b64000-0x00000000b7b9efff] ACPI NVS
[    0.000000] BIOS-e820: [mem 0x00000000b7b9f000-0x00000000b7be1fff] usable
[    0.000000] BIOS-e820: [mem 0x00000000b7be2000-0x00000000b7bfefff] ACPI data
[    0.000000] BIOS-e820: [mem 0x00000000b7bff000-0x00000000b7bfffff] usable
[    0.000000] BIOS-e820: [mem 0x0000000100000000-0x000000013fffffff] usable
[    0.000000] NX (Execute Disable) protection: active
[    0.000000] SMBIOS 2.5 present.
[    0.000000] DMI: Acer            Extensa 5630                   /Homa                           , BIOS V1.36           10/30/2009
[    0.000000] tsc: Fast TSC calibration failed
[    0.000000] e820: update [mem 0x00000000-0x00000fff] usable ==> reserved
[    0.000000] e820: remove [mem 0x000a0000-0x000fffff] usable
[    0.000000] last_pfn = 0x140000 max_arch_pfn = 0x400000000
[    0.000000] x86/PAT: Configuration [0-7]: WB  WC  UC- UC  WB  WP  UC- WT  
[    0.000000] e820: update [mem 0xb7e00000-0xffffffff] usable ==> reserved
[    0.000000] last_pfn = 0xb7c00 max_arch_pfn = 0x400000000
[    0.000000] found SMP MP-table at [mem 0x000f6cc0-0x000f6ccf]
[    0.000000] ACPI: Early table checksum verification disabled
[    0.000000] ACPI: RSDP 0x00000000000F6B40 000024 (v02 PTLTD )
[    0.000000] ACPI: XSDT 0x00000000B7BF3E04 00006C (v01 ACRSYS ACRPRDCT 06040000 INNA 00000000)
[    0.000000] ACPI: FACP 0x00000000B7BE4000 0000F4 (v03 INTEL  CRESTLNE 06040000 ALAN 00000001)
[    0.000000] ACPI: DSDT 0x00000000B7BE5000 00AB76 (v02 Intel  CANTIGA  06040000 MSFT 03000000)
[    0.000000] ACPI: FACS 0x00000000B7B9EFC0 000040
[    0.000000] ACPI: FACS 0x00000000B7B9EFC0 000040
[    0.000000] ACPI: HPET 0x00000000B7BFED23 000038 (v01 INTEL  CRESTLNE 06040000 LOHR 0000005A)
[    0.000000] ACPI: MCFG 0x00000000B7BFED5B 00003C (v01 INTEL  CRESTLNE 06040000 LOHR 0000005A)
[    0.000000] ACPI: SLIC 0x00000000B7BFED97 000176 (v01 ACRSYS ACRPRDCT 06040000 ANNI 00000001)
[    0.000000] ACPI: ASF! 0x00000000B7BFEF0D 000063 (v32 OEMID  OEMTBL   06040000 PTL  00000001)
[    0.000000] ACPI: APIC 0x00000000B7BFEF70 000068 (v01 PTLTD  ? APIC   06040000  LTP 00000000)
[    0.000000] ACPI: BOOT 0x00000000B7BFEFD8 000028 (v01 PTLTD  $SBFTBL$ 06040000  LTP 00000001)
[    0.000000] ACPI: SSDT 0x00000000B7BF3EA8 00019D (v01 BrtRef DD01BRT  00001000 INTL 20050624)
[    0.000000] ACPI: SSDT 0x00000000B7BE3000 000655 (v01 PmRef  CpuPm    00003000 INTL 20050624)
[    0.000000] ACPI: Reserving FACP table memory at [mem 0xb7be4000-0xb7be40f3]
[    0.000000] ACPI: Reserving DSDT table memory at [mem 0xb7be5000-0xb7befb75]
[    0.000000] ACPI: Reserving FACS table memory at [mem 0xb7b9efc0-0xb7b9efff]
[    0.000000] ACPI: Reserving FACS table memory at [mem 0xb7b9efc0-0xb7b9efff]
[    0.000000] ACPI: Reserving HPET table memory at [mem 0xb7bfed23-0xb7bfed5a]
[    0.000000] ACPI: Reserving MCFG table memory at [mem 0xb7bfed5b-0xb7bfed96]
[    0.000000] ACPI: Reserving SLIC table memory at [mem 0xb7bfed97-0xb7bfef0c]
[    0.000000] ACPI: Reserving ASF! table memory at [mem 0xb7bfef0d-0xb7bfef6f]
[    0.000000] ACPI: Reserving APIC table memory at [mem 0xb7bfef70-0xb7bfefd7]
[    0.000000] ACPI: Reserving BOOT table memory at [mem 0xb7bfefd8-0xb7bfefff]
[    0.000000] ACPI: Reserving SSDT table memory at [mem 0xb7bf3ea8-0xb7bf4044]
[    0.000000] ACPI: Reserving SSDT table memory at [mem 0xb7be3000-0xb7be3654]
[    0.000000] Zone ranges:
[    0.000000]   DMA      [mem 0x0000000000001000-0x0000000000ffffff]
[    0.000000]   DMA32    [mem 0x0000000001000000-0x00000000ffffffff]
[    0.000000]   Normal   [mem 0x0000000100000000-0x000000013fffffff]
[    0.000000] Movable zone start for each node
[    0.000000] Early memory node ranges
[    0.000000]   node   0: [mem 0x0000000000001000-0x000000000009cfff]
[    0.000000]   node   0: [mem 0x0000000000100000-0x00000000b76a0fff]
[    0.000000]   node   0: [mem 0x00000000b76a7000-0x00000000b77d1fff]
[    0.000000]   node   0: [mem 0x00000000b780f000-0x00000000b7908fff]
[    0.000000]   node   0: [mem 0x00000000b7b0f000-0x00000000b7b18fff]
[    0.000000]   node   0: [mem 0x00000000b7b1f000-0x00000000b7b63fff]
[    0.000000]   node   0: [mem 0x00000000b7b9f000-0x00000000b7be1fff]
[    0.000000]   node   0: [mem 0x00000000b7bff000-0x00000000b7bfffff]
[    0.000000]   node   0: [mem 0x0000000100000000-0x000000013fffffff]
[    0.000000] Initmem setup node 0 [mem 0x0000000000001000-0x000000013fffffff]
[    0.000000] On node 0, zone DMA: 1 pages in unavailable ranges
[    0.000000] On node 0, zone DMA: 99 pages in unavailable ranges
[    0.000000] On node 0, zone DMA32: 6 pages in unavailable ranges
[    0.000000] On node 0, zone DMA32: 61 pages in unavailable ranges
[    0.000000] On node 0, zone DMA32: 518 pages in unavailable ranges
[    0.000000] On node 0, zone DMA32: 6 pages in unavailable ranges
[    0.000000] On node 0, zone DMA32: 59 pages in unavailable ranges
[    0.000000] On node 0, zone DMA32: 29 pages in unavailable ranges
[    0.000000] On node 0, zone Normal: 1024 pages in unavailable ranges
[    0.000000] Reserving Intel graphics memory at [mem 0xb8000000-0xbfffffff]
[    0.000000] ACPI: PM-Timer IO Port: 0x408
[    0.000000] ACPI: LAPIC_NMI (acpi_id[0x00] high edge lint[0x1])
[    0.000000] ACPI: LAPIC_NMI (acpi_id[0x01] high edge lint[0x1])
[    0.000000] IOAPIC[0]: apic_id 2, version 32, address 0xfec00000, GSI 0-23
[    0.000000] ACPI: INT_SRC_OVR (bus 0 bus_irq 0 global_irq 2 high edge)
[    0.000000] ACPI: INT_SRC_OVR (bus 0 bus_irq 9 global_irq 9 high level)
[    0.000000] ACPI: Using ACPI (MADT) for SMP configuration information
[    0.000000] ACPI: HPET id: 0x8086a201 base: 0xfed00000
[    0.000000] smpboot: Allowing 2 CPUs, 0 hotplug CPUs
[    0.000000] [mem 0xc0000000-0xffffffff] available for PCI devices
[    0.000000] clocksource: refined-jiffies: mask: 0xffffffff max_cycles: 0xffffffff, max_idle_ns: 1910969940391419 ns
[    0.000000] setup_percpu: NR_CPUS:64 nr_cpumask_bits:64 nr_cpu_ids:2 nr_node_ids:1
[    0.000000] percpu: Embedded 53 pages/cpu s178648 r8192 d30248 u1048576
[    0.000000] pcpu-alloc: s178648 r8192 d30248 u1048576 alloc=1*2097152
[    0.000000] pcpu-alloc: [0] 0 1 
[    0.000000] Built 1 zonelists, mobility grouping on.  Total pages: 998003
[    0.000000] Kernel command line: BOOT_IMAGE=/vmlinuz label=boot root=PARTUUID=d887ce30-02  rootwait quiet
[    0.000000] Unknown kernel command line parameters "BOOT_IMAGE=/vmlinuz label=boot", will be passed to user space.
[    0.000000] Dentry cache hash table entries: 524288 (order: 10, 4194304 bytes, linear)
[    0.000000] Inode-cache hash table entries: 262144 (order: 9, 2097152 bytes, linear)
[    0.000000] mem auto-init: stack:off, heap alloc:off, heap free:off
[    0.000000] Memory: 3887936K/4056020K available (16396K kernel code, 2231K rwdata, 3968K rodata, 1728K init, 2016K bss, 167824K reserved, 0K cma-reserved)
[    0.000000] SLUB: HWalign=64, Order=0-3, MinObjects=0, CPUs=2, Nodes=1
[    0.000000] Kernel/User page tables isolation: enabled
[    0.000000] ftrace: allocating 48720 entries in 191 pages
[    0.000000] ftrace: allocated 191 pages with 7 groups
[    0.000000] rcu: Preemptible hierarchical RCU implementation.
[    0.000000] rcu: 	RCU restricting CPUs from NR_CPUS=64 to nr_cpu_ids=2.
[    0.000000] 	Trampoline variant of Tasks RCU enabled.
[    0.000000] 	Rude variant of Tasks RCU enabled.
[    0.000000] 	Tracing variant of Tasks RCU enabled.
[    0.000000] rcu: RCU calculated value of scheduler-enlistment delay is 100 jiffies.
[    0.000000] rcu: Adjusting geometry for rcu_fanout_leaf=16, nr_cpu_ids=2
[    0.000000] NR_IRQS: 4352, nr_irqs: 440, preallocated irqs: 16
[    0.000000] kfence: initialized - using 2097152 bytes for 255 objects at 0x(____ptrval____)-0x(____ptrval____)
[    0.000000] random: get_random_bytes called from start_kernel+0x4ab/0x668 with crng_init=0
[    0.000000] Console: colour VGA+ 80x25
[    0.000000] printk: console [tty0] enabled
[    0.000000] ACPI: Core revision 20210730
[    0.000000] clocksource: hpet: mask: 0xffffffff max_cycles: 0xffffffff, max_idle_ns: 133484882848 ns
[    0.000000] APIC: Switch to symmetric I/O mode setup
[    0.000000] ..TIMER: vector=0x30 apic1=0 pin1=2 apic2=-1 pin2=-1
[    0.006000] tsc: PIT calibration matches HPET. 1 loops
[    0.006000] tsc: Detected 2194.741 MHz processor
[    0.000001] clocksource: tsc-early: mask: 0xffffffffffffffff max_cycles: 0x1fa2cadd13b, max_idle_ns: 440795308359 ns
[    0.000006] Calibrating delay loop (skipped), value calculated using timer frequency.. 4389.48 BogoMIPS (lpj=2194741)
[    0.000010] pid_max: default: 32768 minimum: 301
[    0.000035] LSM: Security Framework initializing
[    0.000044] landlock: Up and running.
[    0.000090] Mount-cache hash table entries: 8192 (order: 4, 65536 bytes, linear)
[    0.000118] Mountpoint-cache hash table entries: 8192 (order: 4, 65536 bytes, linear)
[    0.000427] CPU0: Thermal monitoring enabled (TM1)
[    0.000440] process: using mwait in idle threads
[    0.000444] Last level iTLB entries: 4KB 128, 2MB 4, 4MB 4
[    0.000446] Last level dTLB entries: 4KB 256, 2MB 0, 4MB 32, 1GB 0
[    0.000449] Spectre V1 : Mitigation: usercopy/swapgs barriers and __user pointer sanitization
[    0.000452] Spectre V2 : Mitigation: Retpolines
[    0.000453] Spectre V2 : Spectre v2 / SpectreRSB mitigation: Filling RSB on context switch
[    0.000454] Speculative Store Bypass: Vulnerable
[    0.000457] MDS: Vulnerable: Clear CPU buffers attempted, no microcode
[    0.002540] Freeing SMP alternatives memory: 52K
[    0.032258] APIC calibration not consistent with PM-Timer: 256ms instead of 100ms
[    0.032261] APIC delta adjusted to PM-Timer: 1247013 (3201815)
[    0.032268] smpboot: CPU0: Intel(R) Core(TM)2 Duo CPU     T7500  @ 2.20GHz (family: 0x6, model: 0xf, stepping: 0xb)
[    0.032544] Performance Events: PEBS fmt0+, Core2 events, 4-deep LBR, Intel PMU driver.
[    0.032554] core: PEBS disabled due to CPU errata
[    0.032556] ... version:                2
[    0.032558] ... bit width:              40
[    0.032559] ... generic registers:      2
[    0.032560] ... value mask:             000000ffffffffff
[    0.032562] ... max period:             000000007fffffff
[    0.032563] ... fixed-purpose events:   3
[    0.032564] ... event mask:             0000000700000003
[    0.032714] rcu: Hierarchical SRCU implementation.
[    0.033005] smp: Bringing up secondary CPUs ...
[    0.033005] x86: Booting SMP configuration:
[    0.033005] .... node  #0, CPUs:      #1
[    0.034046] smp: Brought up 1 node, 2 CPUs
[    0.034046] smpboot: Max logical packages: 1
[    0.034046] smpboot: Total of 2 processors activated (8778.96 BogoMIPS)
[    0.035275] devtmpfs: initialized
[    0.035275] ACPI: PM: Registering ACPI NVS region [mem 0xb7b64000-0xb7b9efff] (241664 bytes)
[    0.035275] clocksource: jiffies: mask: 0xffffffff max_cycles: 0xffffffff, max_idle_ns: 1911260446275000 ns
[    0.035275] futex hash table entries: 512 (order: 3, 32768 bytes, linear)
[    0.036064] pinctrl core: initialized pinctrl subsystem
[    0.036266] NET: Registered PF_NETLINK/PF_ROUTE protocol family
[    0.036464] thermal_sys: Registered thermal governor 'step_wise'
[    0.036466] thermal_sys: Registered thermal governor 'user_space'
[    0.036487] cpuidle: using governor menu
[    0.036487] Simple Boot Flag at 0x57 set to 0x80
[    0.036487] ACPI: bus type PCI registered
[    0.036487] dca service started, version 1.12.1
[    0.036487] PCI: MMCONFIG for domain 0000 [bus 00-ff] at [mem 0xe0000000-0xefffffff] (base 0xe0000000)
[    0.036487] PCI: not using MMCONFIG
[    0.036487] PCI: Using configuration type 1 for base access
[    0.039065] Kprobes globally optimized
[    0.039073] cryptd: max_cpu_qlen set to 1000
[    0.057009] raid6: sse2x4   gen()  8361 MB/s
[    0.074006] raid6: sse2x4   xor()  2760 MB/s
[    0.091007] raid6: sse2x2   gen()  8280 MB/s
[    0.108008] raid6: sse2x2   xor()  5386 MB/s
[    0.125009] raid6: sse2x1   gen()  6818 MB/s
[    0.142008] raid6: sse2x1   xor()  4323 MB/s
[    0.142010] raid6: using algorithm sse2x4 gen() 8361 MB/s
[    0.142012] raid6: .... xor() 2760 MB/s, rmw enabled
[    0.142013] raid6: using ssse3x2 recovery algorithm
[    0.142069] ACPI: Added _OSI(Module Device)
[    0.142071] ACPI: Added _OSI(Processor Device)
[    0.142072] ACPI: Added _OSI(3.0 _SCP Extensions)
[    0.142073] ACPI: Added _OSI(Processor Aggregator Device)
[    0.142075] ACPI: Added _OSI(Linux-Dell-Video)
[    0.142077] ACPI: Added _OSI(Linux-Lenovo-NV-HDMI-Audio)
[    0.142078] ACPI: Added _OSI(Linux-HPI-Hybrid-Graphics)
[    0.146650] ACPI: 3 ACPI AML tables successfully acquired and loaded
[    0.147755] ACPI: [Firmware Bug]: BIOS _OSI(Linux) query ignored
[    0.148335] ACPI: Dynamic OEM Table Load:
[    0.148343] ACPI: SSDT 0xFFFF952AC02A3C00 000223 (v01 PmRef  Cpu0Ist  00003000 INTL 20050624)
[    0.149073] ACPI: Dynamic OEM Table Load:
[    0.149081] ACPI: SSDT 0xFFFF952AC083A800 000549 (v01 PmRef  Cpu0Cst  00003001 INTL 20050624)
[    0.149883] ACPI: Dynamic OEM Table Load:
[    0.149890] ACPI: SSDT 0xFFFF952AC022CE00 0001CF (v01 PmRef  ApIst    00003000 INTL 20050624)
[    0.150441] ACPI: Dynamic OEM Table Load:
[    0.150448] ACPI: SSDT 0xFFFF952AC020DD80 00008D (v01 PmRef  ApCst    00003000 INTL 20050624)
[    0.151110] ACPI: EC: EC started
[    0.151112] ACPI: EC: interrupt blocked
[    0.176225] ACPI: EC: EC_CMD/EC_SC=0x66, EC_DATA=0x62
[    0.176229] ACPI: \_SB_.PCI0.LPCB.EC0_: Boot DSDT EC used to handle transactions
[    0.176232] ACPI: Interpreter enabled
[    0.176251] ACPI: PM: (supports S0 S3 S5)
[    0.176253] ACPI: Using IOAPIC for interrupt routing
[    0.176283] PCI: MMCONFIG for domain 0000 [bus 00-ff] at [mem 0xe0000000-0xefffffff] (base 0xe0000000)
[    0.177114] PCI: MMCONFIG at [mem 0xe0000000-0xefffffff] reserved in ACPI motherboard resources
[    0.177134] PCI: Using host bridge windows from ACPI; if necessary, use "pci=nocrs" and report a bug
[    0.177367] ACPI: Enabled 13 GPEs in block 00 to 3F
[    0.192418] ACPI: PCI Root Bridge [PCI0] (domain 0000 [bus 00-ff])
[    0.192427] acpi PNP0A08:00: _OSC: OS supports [ExtendedConfig ASPM ClockPM Segments MSI HPX-Type3]
[    0.192433] acpi PNP0A08:00: _OSC: platform retains control of PCIe features (AE_NOT_FOUND)
[    0.192781] PCI host bridge to bus 0000:00
[    0.192784] pci_bus 0000:00: root bus resource [io  0x0000-0x0cf7 window]
[    0.192787] pci_bus 0000:00: root bus resource [io  0x0d00-0xffff window]
[    0.192789] pci_bus 0000:00: root bus resource [mem 0x000a0000-0x000bffff window]
[    0.192792] pci_bus 0000:00: root bus resource [mem 0x000d4000-0x000d7fff window]
[    0.192794] pci_bus 0000:00: root bus resource [mem 0x000d8000-0x000dbfff window]
[    0.192796] pci_bus 0000:00: root bus resource [mem 0x000dc000-0x000dffff window]
[    0.192798] pci_bus 0000:00: root bus resource [mem 0x000e0000-0x000e3fff window]
[    0.192800] pci_bus 0000:00: root bus resource [mem 0xc0000000-0xdfffffff window]
[    0.192802] pci_bus 0000:00: root bus resource [mem 0xf0000000-0xfebfffff window]
[    0.192805] pci_bus 0000:00: root bus resource [bus 00-ff]
[    0.192861] pci 0000:00:00.0: [8086:2a40] type 00 class 0x060000
[    0.193078] pci 0000:00:02.0: [8086:2a42] type 00 class 0x030000
[    0.193092] pci 0000:00:02.0: reg 0x10: [mem 0xf4000000-0xf43fffff 64bit]
[    0.193101] pci 0000:00:02.0: reg 0x18: [mem 0xd0000000-0xdfffffff 64bit pref]
[    0.193108] pci 0000:00:02.0: reg 0x20: [io  0x1800-0x1807]
[    0.193126] pci 0000:00:02.0: Video device with shadowed ROM at [mem 0x000c0000-0x000dffff]
[    0.193266] pci 0000:00:02.1: [8086:2a43] type 00 class 0x038000
[    0.193278] pci 0000:00:02.1: reg 0x10: [mem 0xf4400000-0xf44fffff 64bit]
[    0.193511] pci 0000:00:1a.0: [8086:2937] type 00 class 0x0c0300
[    0.193558] pci 0000:00:1a.0: reg 0x20: [io  0x1820-0x183f]
[    0.193766] pci 0000:00:1a.1: [8086:2938] type 00 class 0x0c0300
[    0.193814] pci 0000:00:1a.1: reg 0x20: [io  0x1840-0x185f]
[    0.194022] pci 0000:00:1a.2: [8086:2939] type 00 class 0x0c0300
[    0.194070] pci 0000:00:1a.2: reg 0x20: [io  0x1860-0x187f]
[    0.194288] pci 0000:00:1a.7: [8086:293c] type 00 class 0x0c0320
[    0.194307] pci 0000:00:1a.7: reg 0x10: [mem 0xf4a04000-0xf4a043ff]
[    0.194399] pci 0000:00:1a.7: PME# supported from D0 D3hot D3cold
[    0.194578] pci 0000:00:1b.0: [8086:293e] type 00 class 0x040300
[    0.194598] pci 0000:00:1b.0: reg 0x10: [mem 0xf4800000-0xf4803fff 64bit]
[    0.194685] pci 0000:00:1b.0: PME# supported from D0 D3hot D3cold
[    0.194863] pci 0000:00:1c.0: [8086:2940] type 01 class 0x060400
[    0.194954] pci 0000:00:1c.0: PME# supported from D0 D3hot D3cold
[    0.195140] pci 0000:00:1c.1: [8086:2942] type 01 class 0x060400
[    0.195231] pci 0000:00:1c.1: PME# supported from D0 D3hot D3cold
[    0.195419] pci 0000:00:1c.4: [8086:2948] type 01 class 0x060400
[    0.195510] pci 0000:00:1c.4: PME# supported from D0 D3hot D3cold
[    0.195692] pci 0000:00:1d.0: [8086:2934] type 00 class 0x0c0300
[    0.195740] pci 0000:00:1d.0: reg 0x20: [io  0x1880-0x189f]
[    0.195951] pci 0000:00:1d.1: [8086:2935] type 00 class 0x0c0300
[    0.196010] pci 0000:00:1d.1: reg 0x20: [io  0x18a0-0x18bf]
[    0.196226] pci 0000:00:1d.2: [8086:2936] type 00 class 0x0c0300
[    0.196273] pci 0000:00:1d.2: reg 0x20: [io  0x18c0-0x18df]
[    0.196489] pci 0000:00:1d.7: [8086:293a] type 00 class 0x0c0320
[    0.196508] pci 0000:00:1d.7: reg 0x10: [mem 0xf4a04400-0xf4a047ff]
[    0.196602] pci 0000:00:1d.7: PME# supported from D0 D3hot D3cold
[    0.196777] pci 0000:00:1e.0: [8086:2448] type 01 class 0x060401
[    0.197002] pci 0000:00:1f.0: [8086:2919] type 00 class 0x060100
[    0.197276] pci 0000:00:1f.2: [8086:2928] type 00 class 0x01018f
[    0.197291] pci 0000:00:1f.2: reg 0x10: [io  0x18f8-0x18ff]
[    0.197301] pci 0000:00:1f.2: reg 0x14: [io  0x180c-0x180f]
[    0.197310] pci 0000:00:1f.2: reg 0x18: [io  0x18f0-0x18f7]
[    0.197318] pci 0000:00:1f.2: reg 0x1c: [io  0x1808-0x180b]
[    0.197327] pci 0000:00:1f.2: reg 0x20: [io  0x18e0-0x18ef]
[    0.197336] pci 0000:00:1f.2: reg 0x24: [io  0x1810-0x181f]
[    0.197528] pci 0000:00:1f.3: [8086:2930] type 00 class 0x0c0500
[    0.197549] pci 0000:00:1f.3: reg 0x10: [mem 0x00000000-0x000000ff 64bit]
[    0.197573] pci 0000:00:1f.3: reg 0x20: [io  0x1c00-0x1c1f]
[    0.197753] pci 0000:00:1f.5: [8086:292d] type 00 class 0x010185
[    0.197768] pci 0000:00:1f.5: reg 0x10: [io  0x1c50-0x1c57]
[    0.197778] pci 0000:00:1f.5: reg 0x14: [io  0x1c44-0x1c47]
[    0.197787] pci 0000:00:1f.5: reg 0x18: [io  0x1c48-0x1c4f]
[    0.197795] pci 0000:00:1f.5: reg 0x1c: [io  0x1c40-0x1c43]
[    0.197804] pci 0000:00:1f.5: reg 0x20: [io  0x1c30-0x1c3f]
[    0.197813] pci 0000:00:1f.5: reg 0x24: [io  0x1c20-0x1c2f]
[    0.198049] pci 0000:02:00.0: [14e4:1684] type 00 class 0x020000
[    0.198084] pci 0000:02:00.0: reg 0x10: [mem 0xf4500000-0xf450ffff 64bit]
[    0.198162] pci 0000:02:00.0: enabling Extended Tags
[    0.198289] pci 0000:02:00.0: PME# supported from D3hot D3cold
[    0.198454] pci 0000:00:1c.0: PCI bridge to [bus 02]
[    0.198461] pci 0000:00:1c.0:   bridge window [mem 0xf4500000-0xf45fffff]
[    0.198542] pci 0000:03:00.0: [168c:002a] type 00 class 0x028000
[    0.198572] pci 0000:03:00.0: reg 0x10: [mem 0xf4600000-0xf460ffff 64bit]
[    0.198717] pci 0000:03:00.0: supports D1
[    0.198719] pci 0000:03:00.0: PME# supported from D0 D1 D3hot
[    0.198832] pci 0000:03:00.0: disabling ASPM on pre-1.1 PCIe device.  You can enable it with 'pcie_aspm=force'
[    0.198848] pci 0000:00:1c.1: PCI bridge to [bus 03]
[    0.198854] pci 0000:00:1c.1:   bridge window [mem 0xf4600000-0xf46fffff]
[    0.199024] pci 0000:00:1c.4: PCI bridge to [bus 04-06]
[    0.199029] pci 0000:00:1c.4:   bridge window [io  0x2000-0x2fff]
[    0.199033] pci 0000:00:1c.4:   bridge window [mem 0xf2000000-0xf3ffffff]
[    0.199040] pci 0000:00:1c.4:   bridge window [mem 0xf0000000-0xf1ffffff 64bit pref]
[    0.199060] pci_bus 0000:0d: extended config space not accessible
[    0.199096] pci 0000:0d:06.0: [1217:7135] type 02 class 0x060700
[    0.199116] pci 0000:0d:06.0: reg 0x10: [mem 0xf4700000-0xf4700fff]
[    0.199152] pci 0000:0d:06.0: supports D1 D2
[    0.199154] pci 0000:0d:06.0: PME# supported from D0 D1 D2 D3hot D3cold
[    0.199222] pci 0000:0d:06.2: [1217:7120] type 00 class 0x080501
[    0.199242] pci 0000:0d:06.2: reg 0x10: [mem 0xf4702000-0xf47020ff]
[    0.199331] pci 0000:0d:06.2: supports D1 D2
[    0.199333] pci 0000:0d:06.2: PME# supported from D0 D1 D2 D3hot D3cold
[    0.199395] pci 0000:0d:06.3: [1217:7130] type 00 class 0x018000
[    0.199415] pci 0000:0d:06.3: reg 0x10: [mem 0xf4701000-0xf4701fff]
[    0.199504] pci 0000:0d:06.3: supports D1 D2
[    0.199506] pci 0000:0d:06.3: PME# supported from D0 D1 D2 D3hot D3cold
[    0.199601] pci 0000:00:1e.0: PCI bridge to [bus 0d-0e] (subtractive decode)
[    0.199608] pci 0000:00:1e.0:   bridge window [mem 0xf4700000-0xf47fffff]
[    0.199614] pci 0000:00:1e.0:   bridge window [io  0x0000-0x0cf7 window] (subtractive decode)
[    0.199617] pci 0000:00:1e.0:   bridge window [io  0x0d00-0xffff window] (subtractive decode)
[    0.199620] pci 0000:00:1e.0:   bridge window [mem 0x000a0000-0x000bffff window] (subtractive decode)
[    0.199622] pci 0000:00:1e.0:   bridge window [mem 0x000d4000-0x000d7fff window] (subtractive decode)
[    0.199624] pci 0000:00:1e.0:   bridge window [mem 0x000d8000-0x000dbfff window] (subtractive decode)
[    0.199627] pci 0000:00:1e.0:   bridge window [mem 0x000dc000-0x000dffff window] (subtractive decode)
[    0.199629] pci 0000:00:1e.0:   bridge window [mem 0x000e0000-0x000e3fff window] (subtractive decode)
[    0.199631] pci 0000:00:1e.0:   bridge window [mem 0xc0000000-0xdfffffff window] (subtractive decode)
[    0.199634] pci 0000:00:1e.0:   bridge window [mem 0xf0000000-0xfebfffff window] (subtractive decode)
[    0.199662] pci_bus 0000:0e: extended config space not accessible
[    0.199681] pci_bus 0000:0e: busn_res: [bus 0e] end can not be updated to 11
[    0.199687] pci 0000:00:1e.0: bridge has subordinate 0e but max busn 11
[    0.199710] pci_bus 0000:00: on NUMA node 0
[    0.200181] ACPI: PCI: Interrupt link LNKA configured for IRQ 11
[    0.200241] ACPI: PCI: Interrupt link LNKB configured for IRQ 11
[    0.200300] ACPI: PCI: Interrupt link LNKC configured for IRQ 10
[    0.200357] ACPI: PCI: Interrupt link LNKD configured for IRQ 10
[    0.200415] ACPI: PCI: Interrupt link LNKE configured for IRQ 11
[    0.200473] ACPI: PCI: Interrupt link LNKF configured for IRQ 10
[    0.200530] ACPI: PCI: Interrupt link LNKG configured for IRQ 11
[    0.200589] ACPI: PCI: Interrupt link LNKH configured for IRQ 10
[    0.200835] ACPI: EC: interrupt unblocked
[    0.200837] ACPI: EC: event unblocked
[    0.200842] ACPI: EC: EC_CMD/EC_SC=0x66, EC_DATA=0x62
[    0.200844] ACPI: EC: GPE=0x17
[    0.200846] ACPI: \_SB_.PCI0.LPCB.EC0_: Boot DSDT EC initialization complete
[    0.200849] ACPI: \_SB_.PCI0.LPCB.EC0_: EC: Used to handle transactions and events
[    0.201022] pci 0000:00:02.0: vgaarb: setting as boot VGA device
[    0.201022] pci 0000:00:02.0: vgaarb: VGA device added: decodes=io+mem,owns=io+mem,locks=none
[    0.201028] pci 0000:00:02.0: vgaarb: bridge control possible
[    0.201030] vgaarb: loaded
[    0.201131] SCSI subsystem initialized
[    0.201139] libata version 3.00 loaded.
[    0.201139] ACPI: bus type USB registered
[    0.201139] usbcore: registered new interface driver usbfs
[    0.201139] usbcore: registered new interface driver hub
[    0.201139] usbcore: registered new device driver usb
[    0.201139] pps_core: LinuxPPS API ver. 1 registered
[    0.201139] pps_core: Software ver. 5.3.6 - Copyright 2005-2007 Rodolfo Giometti <giometti@linux.it>
[    0.201139] PTP clock support registered
[    0.201139] Advanced Linux Sound Architecture Driver Initialized.
[    0.201139] Bluetooth: Core ver 2.22
[    0.201139] NET: Registered PF_BLUETOOTH protocol family
[    0.201139] Bluetooth: HCI device and connection manager initialized
[    0.201139] Bluetooth: HCI socket layer initialized
[    0.201139] Bluetooth: L2CAP socket layer initialized
[    0.201139] Bluetooth: SCO socket layer initialized
[    0.201144] PCI: Using ACPI for IRQ routing
[    0.208117] PCI: pci_cache_line_size set to 64 bytes
[    0.208342] e820: reserve RAM buffer [mem 0x0009d400-0x0009ffff]
[    0.208345] e820: reserve RAM buffer [mem 0xb76a1000-0xb7ffffff]
[    0.208348] e820: reserve RAM buffer [mem 0xb77d2000-0xb7ffffff]
[    0.208350] e820: reserve RAM buffer [mem 0xb7909000-0xb7ffffff]
[    0.208352] e820: reserve RAM buffer [mem 0xb7b19000-0xb7ffffff]
[    0.208354] e820: reserve RAM buffer [mem 0xb7b64000-0xb7ffffff]
[    0.208356] e820: reserve RAM buffer [mem 0xb7be2000-0xb7ffffff]
[    0.208357] e820: reserve RAM buffer [mem 0xb7c00000-0xb7ffffff]
[    0.208395] hpet: 4 channels of 0 reserved for per-cpu timers
[    0.208400] hpet0: at MMIO 0xfed00000, IRQs 2, 8, 0, 0
[    0.208408] hpet0: 4 comparators, 64-bit 14.318180 MHz counter
[    0.210038] clocksource: Switched to clocksource tsc-early
[    0.227302] pnp: PnP ACPI init
[    0.227709] system 00:02: [mem 0xfed00000-0xfed003ff] has been reserved
[    0.227800] system 00:03: [io  0x0480-0x048f] has been reserved
[    0.227804] system 00:03: [io  0xffff] has been reserved
[    0.227807] system 00:03: [io  0xffff] has been reserved
[    0.227809] system 00:03: [io  0x0400-0x047f] has been reserved
[    0.227812] system 00:03: [io  0x1180-0x11ff] has been reserved
[    0.227814] system 00:03: [io  0xfe00] has been reserved
[    0.227817] system 00:03: [mem 0xff800000-0xff800fff] has been reserved
[    0.228035] system 00:05: [mem 0xfed1c000-0xfed1ffff] has been reserved
[    0.228038] system 00:05: [mem 0xfed10000-0xfed13fff] has been reserved
[    0.228041] system 00:05: [mem 0xfed18000-0xfed18fff] has been reserved
[    0.228044] system 00:05: [mem 0xfed19000-0xfed19fff] has been reserved
[    0.228046] system 00:05: [mem 0xe0000000-0xefffffff] has been reserved
[    0.228049] system 00:05: [mem 0xfed20000-0xfed3ffff] has been reserved
[    0.228200] pnp: PnP ACPI: found 6 devices
[    0.234656] clocksource: acpi_pm: mask: 0xffffff max_cycles: 0xffffff, max_idle_ns: 2085701024 ns
[    0.234718] NET: Registered PF_INET protocol family
[    0.234937] IP idents hash table entries: 65536 (order: 7, 524288 bytes, linear)
[    0.236726] tcp_listen_portaddr_hash hash table entries: 2048 (order: 3, 32768 bytes, linear)
[    0.236760] TCP established hash table entries: 32768 (order: 6, 262144 bytes, linear)
[    0.236894] TCP bind hash table entries: 32768 (order: 7, 524288 bytes, linear)
[    0.237153] TCP: Hash tables configured (established 32768 bind 32768)
[    0.237247] UDP hash table entries: 2048 (order: 4, 65536 bytes, linear)
[    0.237284] UDP-Lite hash table entries: 2048 (order: 4, 65536 bytes, linear)
[    0.237375] NET: Registered PF_UNIX/PF_LOCAL protocol family
[    0.239692] RPC: Registered named UNIX socket transport module.
[    0.239694] RPC: Registered udp transport module.
[    0.239695] RPC: Registered tcp transport module.
[    0.239696] RPC: Registered tcp NFSv4.1 backchannel transport module.
[    0.239711] pci 0000:00:1c.0: bridge window [io  0x1000-0x0fff] to [bus 02] add_size 1000
[    0.239718] pci 0000:00:1c.0: bridge window [mem 0x00100000-0x000fffff 64bit pref] to [bus 02] add_size 200000 add_align 100000
[    0.239723] pci 0000:00:1c.1: bridge window [io  0x1000-0x0fff] to [bus 03] add_size 1000
[    0.239727] pci 0000:00:1c.1: bridge window [mem 0x00100000-0x000fffff 64bit pref] to [bus 03] add_size 200000 add_align 100000
[    0.239742] pci 0000:00:1e.0: bridge window [io  0x1000-0x0fff] to [bus 0d-0e] add_size 1000
[    0.239774] pci 0000:00:1c.0: BAR 15: assigned [mem 0xc0000000-0xc01fffff 64bit pref]
[    0.239782] pci 0000:00:1c.1: BAR 15: assigned [mem 0xc0200000-0xc03fffff 64bit pref]
[    0.239787] pci 0000:00:1c.0: BAR 13: assigned [io  0x3000-0x3fff]
[    0.239790] pci 0000:00:1c.1: BAR 13: assigned [io  0x4000-0x4fff]
[    0.239794] pci 0000:00:1e.0: BAR 13: assigned [io  0x5000-0x5fff]
[    0.239801] pci 0000:00:1f.3: BAR 0: assigned [mem 0xc0400000-0xc04000ff 64bit]
[    0.239815] pci 0000:00:1c.0: PCI bridge to [bus 02]
[    0.239819] pci 0000:00:1c.0:   bridge window [io  0x3000-0x3fff]
[    0.239824] pci 0000:00:1c.0:   bridge window [mem 0xf4500000-0xf45fffff]
[    0.239828] pci 0000:00:1c.0:   bridge window [mem 0xc0000000-0xc01fffff 64bit pref]
[    0.239835] pci 0000:00:1c.1: PCI bridge to [bus 03]
[    0.239838] pci 0000:00:1c.1:   bridge window [io  0x4000-0x4fff]
[    0.239843] pci 0000:00:1c.1:   bridge window [mem 0xf4600000-0xf46fffff]
[    0.239847] pci 0000:00:1c.1:   bridge window [mem 0xc0200000-0xc03fffff 64bit pref]
[    0.239854] pci 0000:00:1c.4: PCI bridge to [bus 04-06]
[    0.239857] pci 0000:00:1c.4:   bridge window [io  0x2000-0x2fff]
[    0.239862] pci 0000:00:1c.4:   bridge window [mem 0xf2000000-0xf3ffffff]
[    0.239866] pci 0000:00:1c.4:   bridge window [mem 0xf0000000-0xf1ffffff 64bit pref]
[    0.239877] pci 0000:0d:06.0: BAR 15: assigned [mem 0xc4000000-0xc7ffffff pref]
[    0.239882] pci 0000:0d:06.0: BAR 16: assigned [mem 0xc8000000-0xcbffffff]
[    0.239885] pci 0000:0d:06.0: BAR 13: assigned [io  0x5000-0x50ff]
[    0.239888] pci 0000:0d:06.0: BAR 14: assigned [io  0x5400-0x54ff]
[    0.239891] pci 0000:0d:06.0: CardBus bridge to [bus 0e]
[    0.239893] pci 0000:0d:06.0:   bridge window [io  0x5000-0x50ff]
[    0.239898] pci 0000:0d:06.0:   bridge window [io  0x5400-0x54ff]
[    0.239902] pci 0000:0d:06.0:   bridge window [mem 0xc4000000-0xc7ffffff pref]
[    0.239907] pci 0000:0d:06.0:   bridge window [mem 0xc8000000-0xcbffffff]
[    0.239912] pci 0000:00:1e.0: PCI bridge to [bus 0d-0e]
[    0.239915] pci 0000:00:1e.0:   bridge window [io  0x5000-0x5fff]
[    0.239920] pci 0000:00:1e.0:   bridge window [mem 0xf4700000-0xf47fffff]
[    0.239929] pci_bus 0000:00: resource 4 [io  0x0000-0x0cf7 window]
[    0.239932] pci_bus 0000:00: resource 5 [io  0x0d00-0xffff window]
[    0.239934] pci_bus 0000:00: resource 6 [mem 0x000a0000-0x000bffff window]
[    0.239936] pci_bus 0000:00: resource 7 [mem 0x000d4000-0x000d7fff window]
[    0.239939] pci_bus 0000:00: resource 8 [mem 0x000d8000-0x000dbfff window]
[    0.239941] pci_bus 0000:00: resource 9 [mem 0x000dc000-0x000dffff window]
[    0.239943] pci_bus 0000:00: resource 10 [mem 0x000e0000-0x000e3fff window]
[    0.239945] pci_bus 0000:00: resource 11 [mem 0xc0000000-0xdfffffff window]
[    0.239947] pci_bus 0000:00: resource 12 [mem 0xf0000000-0xfebfffff window]
[    0.239950] pci_bus 0000:02: resource 0 [io  0x3000-0x3fff]
[    0.239952] pci_bus 0000:02: resource 1 [mem 0xf4500000-0xf45fffff]
[    0.239955] pci_bus 0000:02: resource 2 [mem 0xc0000000-0xc01fffff 64bit pref]
[    0.239957] pci_bus 0000:03: resource 0 [io  0x4000-0x4fff]
[    0.239959] pci_bus 0000:03: resource 1 [mem 0xf4600000-0xf46fffff]
[    0.239962] pci_bus 0000:03: resource 2 [mem 0xc0200000-0xc03fffff 64bit pref]
[    0.239964] pci_bus 0000:04: resource 0 [io  0x2000-0x2fff]
[    0.239966] pci_bus 0000:04: resource 1 [mem 0xf2000000-0xf3ffffff]
[    0.239968] pci_bus 0000:04: resource 2 [mem 0xf0000000-0xf1ffffff 64bit pref]
[    0.239971] pci_bus 0000:0d: resource 0 [io  0x5000-0x5fff]
[    0.239973] pci_bus 0000:0d: resource 1 [mem 0xf4700000-0xf47fffff]
[    0.239975] pci_bus 0000:0d: resource 4 [io  0x0000-0x0cf7 window]
[    0.239977] pci_bus 0000:0d: resource 5 [io  0x0d00-0xffff window]
[    0.239979] pci_bus 0000:0d: resource 6 [mem 0x000a0000-0x000bffff window]
[    0.239981] pci_bus 0000:0d: resource 7 [mem 0x000d4000-0x000d7fff window]
[    0.239984] pci_bus 0000:0d: resource 8 [mem 0x000d8000-0x000dbfff window]
[    0.239986] pci_bus 0000:0d: resource 9 [mem 0x000dc000-0x000dffff window]
[    0.239988] pci_bus 0000:0d: resource 10 [mem 0x000e0000-0x000e3fff window]
[    0.239990] pci_bus 0000:0d: resource 11 [mem 0xc0000000-0xdfffffff window]
[    0.239992] pci_bus 0000:0d: resource 12 [mem 0xf0000000-0xfebfffff window]
[    0.239995] pci_bus 0000:0e: resource 0 [io  0x5000-0x50ff]
[    0.239997] pci_bus 0000:0e: resource 1 [io  0x5400-0x54ff]
[    0.239999] pci_bus 0000:0e: resource 2 [mem 0xc4000000-0xc7ffffff pref]
[    0.240001] pci_bus 0000:0e: resource 3 [mem 0xc8000000-0xcbffffff]
[    0.241527] PCI: CLS 64 bytes, default 64
[    0.241541] PCI-DMA: Using software bounce buffering for IO (SWIOTLB)
[    0.241543] software IO TLB: mapped [mem 0x00000000b36a1000-0x00000000b76a1000] (64MB)
[    0.442120] Initialise system trusted keyrings
[    0.442172] workingset: timestamp_bits=46 max_order=20 bucket_order=0
[    0.444646] NFS: Registering the id_resolver key type
[    0.444653] Key type id_resolver registered
[    0.444655] Key type id_legacy registered
[    0.444878] Key type cifs.idmap registered
[    0.457285] xor: measuring software checksum speed
[    0.458096]    prefetch64-sse  : 12243 MB/sec
[    0.459043]    generic_sse     : 10438 MB/sec
[    0.459045] xor: using function: prefetch64-sse (12243 MB/sec)
[    0.459048] async_tx: api initialized (async)
[    0.459050] Key type asymmetric registered
[    0.459052] Asymmetric key parser 'x509' registered
[    0.459069] Block layer SCSI generic (bsg) driver version 0.4 loaded (major 249)
[    0.459072] io scheduler mq-deadline registered
[    0.459074] io scheduler kyber registered
[    0.459708] Monitor-Mwait will be used to enter C-1 state
[    0.459717] Monitor-Mwait will be used to enter C-2 state
[    0.459721] ACPI: \_PR_.CPU0: Found 2 idle states
[    0.461016] ACPI: AC: AC Adapter [ADP1] (off-line)
[    0.461169] input: Lid Switch as /devices/LNXSYSTM:00/LNXSYBUS:00/PNP0C0D:00/input/input0
[    0.461877] ACPI: button: Lid Switch [LID0]
[    0.461926] input: Sleep Button as /devices/LNXSYSTM:00/LNXSYBUS:00/PNP0C0E:00/input/input1
[    0.463871] ACPI: button: Sleep Button [SLPB]
[    0.463920] input: Power Button as /devices/LNXSYSTM:00/LNXPWRBN:00/input/input2
[    0.464862] ACPI: button: Power Button [PWRF]
[    0.481036] thermal LNXTHERM:00: registered as thermal_zone0
[    0.481041] ACPI: thermal: Thermal Zone [TZS0] (56 C)
[    0.485989] thermal LNXTHERM:01: registered as thermal_zone1
[    0.485994] ACPI: thermal: Thermal Zone [TZS1] (56 C)
[    0.486082] ioatdma: Intel(R) QuickData Technology Driver 5.00
[    0.486258] Serial: 8250/16550 driver, 4 ports, IRQ sharing disabled
[    0.490707] Linux agpgart interface v0.103
[    0.493276] brd: module loaded
[    0.495113] loop: module loaded
[    0.495350] ACPI Warning: SystemIO range 0x0000000000000428-0x000000000000042F conflicts with OpRegion 0x0000000000000400-0x000000000000047F (\PMIO) (20210730/utaddress-204)
[    0.495358] ACPI: OSL: Resource conflict; ACPI support missing from driver?
[    0.495362] ACPI Warning: SystemIO range 0x00000000000011B0-0x00000000000011BF conflicts with OpRegion 0x0000000000001180-0x00000000000011BB (\GPIO) (20210730/utaddress-204)
[    0.495367] ACPI: OSL: Resource conflict; ACPI support missing from driver?
[    0.495368] ACPI Warning: SystemIO range 0x0000000000001180-0x00000000000011AF conflicts with OpRegion 0x0000000000001180-0x00000000000011BB (\GPIO) (20210730/utaddress-204)
[    0.495373] ACPI: OSL: Resource conflict; ACPI support missing from driver?
[    0.495374] lpc_ich: Resource conflict(s) found affecting gpio_ich
[    0.495972] ata_piix 0000:00:1f.2: version 2.13
[    0.496085] ata_piix 0000:00:1f.2: MAP [ P0 -- P1 -- ]
[    0.496431] scsi host0: ata_piix
[    0.496584] scsi host1: ata_piix
[    0.496630] ata1: SATA max UDMA/133 cmd 0x18f8 ctl 0x180c bmdma 0x18e0 irq 19
[    0.496713] ata2: SATA max UDMA/133 cmd 0x18f0 ctl 0x1808 bmdma 0x18e8 irq 19
[    0.496844] ata_piix 0000:00:1f.5: MAP [ P0 -- P1 -- ]
[    0.497161] scsi host2: ata_piix
[    0.497298] scsi host3: ata_piix
[    0.497435] ata3: SATA max UDMA/133 cmd 0x1c50 ctl 0x1c44 bmdma 0x1c30 irq 19
[    0.497439] ata4: SATA max UDMA/133 cmd 0x1c48 ctl 0x1c40 bmdma 0x1c38 irq 19
[    0.497634] e100: Intel(R) PRO/100 Network Driver
[    0.497636] e100: Copyright(c) 1999-2006 Intel Corporation
[    0.497657] e1000: Intel(R) PRO/1000 Network Driver
[    0.497658] e1000: Copyright (c) 1999-2006 Intel Corporation.
[    0.497677] e1000e: Intel(R) PRO/1000 Network Driver
[    0.497678] e1000e: Copyright(c) 1999 - 2015 Intel Corporation.
[    0.497702] igb: Intel(R) Gigabit Ethernet Network Driver
[    0.497703] igb: Copyright (c) 2007-2014 Intel Corporation.
[    0.497727] ehci_hcd: USB 2.0 'Enhanced' Host Controller (EHCI) Driver
[    0.497729] ehci-pci: EHCI PCI platform driver
[    0.497861] ehci-pci 0000:00:1a.7: EHCI Host Controller
[    0.497870] ehci-pci 0000:00:1a.7: new USB bus registered, assigned bus number 1
[    0.497884] ehci-pci 0000:00:1a.7: debug port 1
[    0.501806] ehci-pci 0000:00:1a.7: irq 20, io mem 0xf4a04000
[    0.505442] ehci-pci 0000:00:1a.7: USB 2.0 started, EHCI 1.00
[    0.505656] hub 1-0:1.0: USB hub found
[    0.505664] hub 1-0:1.0: 6 ports detected
[    0.506139] ehci-pci 0000:00:1d.7: EHCI Host Controller
[    0.506146] ehci-pci 0000:00:1d.7: new USB bus registered, assigned bus number 2
[    0.506158] ehci-pci 0000:00:1d.7: debug port 1
[    0.510068] ehci-pci 0000:00:1d.7: irq 23, io mem 0xf4a04400
[    0.513609] ehci-pci 0000:00:1d.7: USB 2.0 started, EHCI 1.00
[    0.513977] hub 2-0:1.0: USB hub found
[    0.513991] hub 2-0:1.0: 6 ports detected
[    0.514368] ohci_hcd: USB 1.1 'Open' Host Controller (OHCI) Driver
[    0.514383] ohci-pci: OHCI PCI platform driver
[    0.514398] uhci_hcd: USB Universal Host Controller Interface driver
[    0.514483] uhci_hcd 0000:00:1a.0: UHCI Host Controller
[    0.514490] uhci_hcd 0000:00:1a.0: new USB bus registered, assigned bus number 3
[    0.514512] uhci_hcd 0000:00:1a.0: irq 20, io base 0x00001820
[    0.514702] hub 3-0:1.0: USB hub found
[    0.514710] hub 3-0:1.0: 2 ports detected
[    0.514942] uhci_hcd 0000:00:1a.1: UHCI Host Controller
[    0.514948] uhci_hcd 0000:00:1a.1: new USB bus registered, assigned bus number 4
[    0.514970] uhci_hcd 0000:00:1a.1: irq 20, io base 0x00001840
[    0.515244] hub 4-0:1.0: USB hub found
[    0.515251] hub 4-0:1.0: 2 ports detected
[    0.515479] uhci_hcd 0000:00:1a.2: UHCI Host Controller
[    0.515486] uhci_hcd 0000:00:1a.2: new USB bus registered, assigned bus number 5
[    0.515508] uhci_hcd 0000:00:1a.2: irq 20, io base 0x00001860
[    0.515695] hub 5-0:1.0: USB hub found
[    0.515702] hub 5-0:1.0: 2 ports detected
[    0.516022] uhci_hcd 0000:00:1d.0: UHCI Host Controller
[    0.516028] uhci_hcd 0000:00:1d.0: new USB bus registered, assigned bus number 6
[    0.516050] uhci_hcd 0000:00:1d.0: irq 23, io base 0x00001880
[    0.516211] hub 6-0:1.0: USB hub found
[    0.516219] hub 6-0:1.0: 2 ports detected
[    0.516426] uhci_hcd 0000:00:1d.1: UHCI Host Controller
[    0.516432] uhci_hcd 0000:00:1d.1: new USB bus registered, assigned bus number 7
[    0.516462] uhci_hcd 0000:00:1d.1: irq 17, io base 0x000018a0
[    0.516671] hub 7-0:1.0: USB hub found
[    0.516759] hub 7-0:1.0: 2 ports detected
[    0.516985] uhci_hcd 0000:00:1d.2: UHCI Host Controller
[    0.516992] uhci_hcd 0000:00:1d.2: new USB bus registered, assigned bus number 8
[    0.517022] uhci_hcd 0000:00:1d.2: irq 18, io base 0x000018c0
[    0.517276] hub 8-0:1.0: USB hub found
[    0.517283] hub 8-0:1.0: 2 ports detected
[    0.517500] usbcore: registered new interface driver usb-storage
[    0.517529] usbcore: registered new interface driver usbserial_generic
[    0.517637] usbserial: USB Serial support registered for generic
[    0.517651] usbcore: registered new interface driver ftdi_sio
[    0.517658] usbserial: USB Serial support registered for FTDI USB Serial Device
[    0.517713] usbcore: registered new interface driver pl2303
[    0.517718] usbserial: USB Serial support registered for pl2303
[    0.517767] i8042: PNP: PS/2 Controller [PNP0303:KBD0,PNP0f13:PS2M] at 0x60,0x64 irq 1,12
[    0.527394] random: fast init done
[    0.535386] i8042: Detected active multiplexing controller, rev 1.1
[    0.547410] serio: i8042 KBD port at 0x60,0x64 irq 1
[    0.547452] serio: i8042 AUX0 port at 0x60,0x64 irq 12
[    0.547484] serio: i8042 AUX1 port at 0x60,0x64 irq 12
[    0.547515] serio: i8042 AUX2 port at 0x60,0x64 irq 12
[    0.547548] serio: i8042 AUX3 port at 0x60,0x64 irq 12
[    0.547638] mousedev: PS/2 mouse device common for all mice
[    0.548566] usbcore: registered new interface driver appletouch
[    0.548585] usbcore: registered new interface driver bcm5974
[    0.548633] usbcore: registered new interface driver synaptics_usb
[    0.548692] rtc_cmos 00:04: RTC can wake from S4
[    0.548994] rtc_cmos 00:04: registered as rtc0
[    0.549024] rtc_cmos 00:04: setting system clock to 2024-02-10T15:07:50 UTC (1707577670)
[    0.549052] rtc_cmos 00:04: alarms up to one month, y3k, 242 bytes nvram, hpet irqs
[    0.549069] i2c_dev: i2c /dev entries driver
[    0.549238] i801_smbus 0000:00:1f.3: SMBus using PCI interrupt
[    0.549989] i2c i2c-0: 2/2 memory slots populated (from DMI)
[    0.550136] i2c i2c-0: Successfully instantiated SPD at 0x50
[    0.550400] intel_powerclamp: No package C-state available
[    0.550657] device-mapper: ioctl: 4.45.0-ioctl (2021-03-22) initialised: dm-devel@redhat.com
[    0.550720] Bluetooth: HCI UART driver ver 2.3
[    0.550723] Bluetooth: HCI UART protocol H4 registered
[    0.550740] Bluetooth: HCI UART protocol Intel registered
[    0.550741] Bluetooth: HCI UART protocol AG6XX registered
[    0.550744] intel_pstate: CPU model not supported
[    0.550759] sdhci: Secure Digital Host Controller Interface driver
[    0.550760] sdhci: Copyright(c) Pierre Ossman
[    0.550782] sdhci-pci 0000:0d:06.2: SDHCI controller found [1217:7120] (rev 2)
[    0.550946] mmc0 bounce up to 128 segments into one, max segment size 65536 bytes
[    0.551082] mmc0: SDHCI controller on PCI [0000:0d:06.2] using DMA
[    0.551132] sdhci-pltfm: SDHCI platform and OF driver helper
[    0.551176] Driver 'memconsole' was unable to register with bus_type 'coreboot' because the bus was not initialized.
[    0.551198] hid: raw HID events driver (C) Jiri Kosina
[    0.551446] usbcore: registered new interface driver usbhid
[    0.551447] usbhid: USB HID core driver
[    0.551677] u32 classifier
[    0.551679]     input device check on
[    0.551679]     Actions configured
[    0.551879] NET: Registered PF_INET6 protocol family
[    0.552290] Segment Routing with IPv6
[    0.552300] In-situ OAM (IOAM) with IPv6
[    0.552333] sit: IPv6, IPv4 and MPLS over IPv4 tunneling driver
[    0.552510] NET: Registered PF_PACKET protocol family
[    0.552528] Bridge firewalling registered
[    0.552552] Key type dns_resolver registered
[    0.552627] NET: Registered PF_VSOCK protocol family
[    0.552821] microcode: sig=0x6fb, pf=0x80, revision=0xba
[    0.552829] microcode: Microcode Update Driver: v2.2.
[    0.552835] IPI shorthand broadcast: enabled
[    0.552847] sched_clock: Marking stable (558720245, -5994106)->(797088283, -244362144)
[    0.552898] Loading compiled-in X.509 certificates
[    0.552961] Key type ._fscrypt registered
[    0.552963] Key type .fscrypt registered
[    0.552965] Key type fscrypt-provisioning registered
[    0.553246] Btrfs loaded, crc32c=crc32c-generic, zoned=no, fsverity=no
[    0.553642] Key type encrypted registered
[    0.553978] printk: console [netcon0] enabled
[    0.553980] netconsole: network logging started
[    0.554527] ALSA device list:
[    0.554531]   No soundcards found.
[    0.568053] input: AT Translated Set 2 keyboard as /devices/platform/i8042/serio0/input/input3
[    0.725700] usb 2-3: new high-speed USB device number 2 using ehci-pci
[    0.756049] ata3: SATA link down (SStatus 0 SControl 300)
[    0.766883] ata4: SATA link down (SStatus 0 SControl 300)
[    0.830348] ata1: SATA link up 3.0 Gbps (SStatus 123 SControl 300)
[    0.830995] usb-storage 2-3:1.0: USB Mass Storage device detected
[    0.831147] scsi host4: usb-storage 2-3:1.0
[    0.833530] ata1.00: ATA-8: Hitachi HTS543216L9A300, FB2OC40C, max UDMA/133
[    0.833538] ata1.00: 312581808 sectors, multi 0: LBA48 NCQ (depth 0/32)
[    0.834892] clocksource: timekeeping watchdog on CPU1: Marking clocksource 'tsc-early' as unstable because the skew is too large:
[    0.834897] clocksource:                       'hpet' wd_nsec: 514958291 wd_now: 11784e1 wd_last: a70310 mask: ffffffff
[    0.834902] clocksource:                       'tsc-early' cs_nsec: 352986317 cs_now: 59299d834 cs_last: 5646ca798 mask: ffffffffffffffff
[    0.834907] clocksource:                       'tsc-early' is current clocksource.
[    0.834912] tsc: Marking TSC unstable due to clocksource watchdog
[    0.834923] TSC found unstable after boot, most likely due to broken BIOS. Use 'tsc=unstable'.
[    0.834926] sched_clock: Marking unstable (840917445, -5994106)<-(1079285518, -244362144)
[    0.835024] clocksource: Switched to clocksource hpet
[    0.838494] ata1.00: configured for UDMA/133
[    1.018179] ata2: SATA link up 1.5 Gbps (SStatus 113 SControl 300)
[    1.037256] ata2.00: ATAPI: Slimtype DVD A  DS8A2S, 6A11, max UDMA/100
[    1.058252] ata2.00: configured for UDMA/100
[    1.087854] ACPI: battery: Slot [BAT0] (battery present)
[    1.088236] scsi 0:0:0:0: Direct-Access     ATA      Hitachi HTS54321 C40C PQ: 0 ANSI: 5
[    1.088891] sd 0:0:0:0: [sda] 312581808 512-byte logical blocks: (160 GB/149 GiB)
[    1.088908] sd 0:0:0:0: [sda] Write Protect is off
[    1.088912] sd 0:0:0:0: [sda] Mode Sense: 00 3a 00 00
[    1.088939] sd 0:0:0:0: [sda] Write cache: enabled, read cache: enabled, doesn't support DPO or FUA
[    1.092309] scsi 1:0:0:0: CD-ROM            Slimtype DVD A  DS8A2S    6A11 PQ: 0 ANSI: 5
[    1.106063]  sda: sda1
[    1.106365] sd 0:0:0:0: [sda] Attached SCSI disk
[    1.135977] sr 1:0:0:0: [sr0] scsi3-mmc drive: 24x/6x writer dvd-ram cd/rw xa/form2 cdda pop-up
[    1.135988] cdrom: Uniform CD-ROM driver Revision: 3.20
[    1.157725] sr 1:0:0:0: Attached scsi CD-ROM sr0
[    2.010771] scsi 4:0:0:0: Direct-Access     SanDisk  Cruzer Glide 3.0 1.00 PQ: 0 ANSI: 6
[    2.011821] sd 4:0:0:0: [sdb] 60948480 512-byte logical blocks: (31.2 GB/29.1 GiB)
[    2.013586] sd 4:0:0:0: [sdb] Write Protect is off
[    2.013594] sd 4:0:0:0: [sdb] Mode Sense: 43 00 00 00
[    2.014582] sd 4:0:0:0: [sdb] Write cache: disabled, read cache: enabled, doesn't support DPO or FUA
[    2.021113]  sdb: sdb1 sdb2
[    2.025125] sd 4:0:0:0: [sdb] Attached SCSI removable disk
[    2.115750] input: AlpsPS/2 ALPS GlidePoint as /devices/platform/i8042/serio2/input/input9
[    2.242674] md: Waiting for all devices to be available before autodetect
[    2.242678] md: If you don't use raid, use raid=noautodetect
[    2.242682] md: Autodetecting RAID arrays.
[    2.242684] md: autorun ...
[    2.242686] md: ... autorun DONE.
[    2.253925] EXT4-fs (sdb2): mounted filesystem with ordered data mode. Opts: (null). Quota mode: disabled.
[    2.253947] VFS: Mounted root (ext4 filesystem) readonly on device 8:18.
[    2.254733] devtmpfs: mounted
[    2.256586] Freeing unused kernel image (initmem) memory: 1728K
[    2.256654] Write protecting the kernel read-only data: 22528k
[    2.257892] Freeing unused kernel image (text/rodata gap) memory: 2032K
[    2.258097] Freeing unused kernel image (rodata/data gap) memory: 128K
[    2.258162] Run /sbin/init as init process
[    2.258164]   with arguments:
[    2.258165]     /sbin/init
[    2.258167]   with environment:
[    2.258168]     HOME=/
[    2.258169]     TERM=linux
[    2.258171]     BOOT_IMAGE=/vmlinuz
[    2.258173]     label=boot
[    2.624219] systemd[1]: systemd 250.5+ running in system mode (-PAM -AUDIT -SELINUX -APPARMOR +IMA -SMACK +SECCOMP -GCRYPT -GNUTLS -OPENSSL +ACL +BLKID -CURL -ELFUTILS -FIDO2 -IDN2 -IDN -IPTC +KMOD -LIBCRYPTSETUP +LIBFDISK -PCRE2 -PWQUALITY -P11KIT -QRENCODE -BZIP2 -LZ4 -XZ -ZLIB +ZSTD -BPF_FRAMEWORK +XKBCOMMON +UTMP +SYSVINIT default-hierarchy=hybrid)
[    2.636320] systemd[1]: Detected architecture x86-64.
[    2.648417] systemd[1]: Hostname set to <DasharoToolsSuite>.
[    2.659079] systemd[1]: Initializing machine ID from random generator.
[    2.659206] systemd[1]: Installed transient /etc/machine-id file.
[    3.034112] systemd[1]: Queued start job for default target Multi-User System.
[    3.055881] systemd[1]: Created slice Slice /system/getty.
[    3.057002] systemd[1]: Created slice Slice /system/modprobe.
[    3.058080] systemd[1]: Created slice Slice /system/serial-getty.
[    3.058978] systemd[1]: Created slice User and Session Slice.
[    3.059167] systemd[1]: Started Dispatch Password Requests to Console Directory Watch.
[    3.059319] systemd[1]: Started Forward Password Requests to Wall Directory Watch.
[    3.059492] systemd[1]: Reached target Path Units.
[    3.059557] systemd[1]: Reached target Remote File Systems.
[    3.059619] systemd[1]: Reached target Slice Units.
[    3.059690] systemd[1]: Reached target Swaps.
[    3.074055] systemd[1]: Listening on RPCbind Server Activation Socket.
[    3.074176] systemd[1]: Reached target RPC Port Mapper.
[    3.074390] systemd[1]: Listening on initctl Compatibility Named Pipe.
[    3.076627] systemd[1]: Journal Audit Socket was skipped because of a failed condition check (ConditionSecurity=audit).
[    3.076918] systemd[1]: Listening on Journal Socket (/dev/log).
[    3.077180] systemd[1]: Listening on Journal Socket.
[    3.077498] systemd[1]: Listening on Network Service Netlink Socket.
[    3.077777] systemd[1]: Listening on udev Control Socket.
[    3.077974] systemd[1]: Listening on udev Kernel Socket.
[    3.078192] systemd[1]: Listening on User Database Manager Socket.
[    3.078482] systemd[1]: Huge Pages File System was skipped because of a failed condition check (ConditionPathExists=/sys/kernel/mm/hugepages).
[    3.080129] systemd[1]: Mounting POSIX Message Queue File System...
[    3.081881] systemd[1]: Mounting Kernel Debug File System...
[    3.083663] systemd[1]: Mounting Kernel Trace File System...
[    3.087220] systemd[1]: Mounting Temporary Directory /tmp...
[    3.088922] systemd[1]: Starting Create List of Static Device Nodes...
[    3.090575] systemd[1]: Starting Load Kernel Module configfs...
[    3.092156] systemd[1]: Starting Load Kernel Module drm...
[    3.093934] systemd[1]: Starting Load Kernel Module fuse...
[    3.099117] systemd[1]: Starting RPC Bind...
[    3.100566] systemd[1]: Starting File System Check on Root Device...
[    3.102915] systemd[1]: Starting Journal Service...
[    3.116694] systemd[1]: Starting Load Kernel Modules...
[    3.118173] systemd[1]: Starting Generate network units from Kernel command line...
[    3.119816] systemd[1]: Starting Coldplug All udev Devices...
[    3.122900] systemd[1]: Mounted POSIX Message Queue File System.
[    3.123120] systemd[1]: Mounted Kernel Debug File System.
[    3.123276] systemd[1]: Mounted Kernel Trace File System.
[    3.123413] systemd[1]: Mounted Temporary Directory /tmp.
[    3.123889] systemd[1]: Finished Create List of Static Device Nodes.
[    3.124268] systemd[1]: modprobe@drm.service: Deactivated successfully.
[    3.124585] systemd[1]: Finished Load Kernel Module drm.
[    3.141747] fuse: init (API version 7.34)
[    3.142635] systemd[1]: modprobe@fuse.service: Deactivated successfully.
[    3.142993] systemd[1]: Finished Load Kernel Module fuse.
[    3.144529] systemd[1]: Mounting FUSE Control File System...
[    3.147645] systemd[1]: Mounted FUSE Control File System.
[    3.150851] systemd[1]: modprobe@configfs.service: Deactivated successfully.
[    3.151257] systemd[1]: Finished Load Kernel Module configfs.
[    3.152644] systemd[1]: Mounting Kernel Configuration File System...
[    3.158346] acpi_call: loading out-of-tree module taints kernel.
[    3.159247] systemd[1]: Finished Generate network units from Kernel command line.
[    3.159781] systemd[1]: Finished Load Kernel Modules.
[    3.159952] systemd[1]: Mounted Kernel Configuration File System.
[    3.160097] systemd[1]: Reached target Preparation for Network.
[    3.164804] systemd[1]: Starting Apply Kernel Variables...
[    3.219694] random: crng init done
[    3.233878] systemd[1]: Started RPC Bind.
[    3.272724] systemd[1]: Finished Apply Kernel Variables.
[    3.309679] systemd[1]: Finished File System Check on Root Device.
[    3.311409] systemd[1]: Starting Remount Root and Kernel File Systems...
[    3.318461] systemd[1]: Started Journal Service.
[    3.327943] EXT4-fs (sdb2): re-mounted. Opts: (null). Quota mode: disabled.
[    3.345540] systemd-journald[148]: Received client request to flush runtime journal.
[    3.754089] snd_hda_intel 0000:00:1b.0: Cannot probe codecs, giving up
[    3.830901] at24 0-0050: 256 byte spd EEPROM, read-only
[    3.865641] cfg80211: Loading compiled-in X.509 certificates for regulatory database
[    3.868506] cfg80211: Loaded X.509 cert 'sforshee: 00b28ddf47aef9cea7'
[    4.048273] tg3 0000:02:00.0 eth0: Tigon3 [partno(BCM95764m) rev 5784100] (PCI Express) MAC address 00:1d:72:e9:15:bc
[    4.048284] tg3 0000:02:00.0 eth0: attached PHY is 5784 (10/100/1000Base-T Ethernet) (WireSpeed[1], EEE[0])
[    4.048289] tg3 0000:02:00.0 eth0: RXcsums[1] LinkChgREG[0] MIirq[0] ASF[0] TSOcap[1]
[    4.048294] tg3 0000:02:00.0 eth0: dma_rwctrl[76180000] dma_mask[64-bit]
[    4.103135] tg3 0000:02:00.0 enp2s0: renamed from eth0
[    5.029215] pci 0000:00:00.0: Intel GM45 Chipset
[    5.029240] pci 0000:00:00.0: detected gtt size: 2097152K total, 262144K mappable
[    5.029805] pci 0000:00:00.0: detected 131072K stolen memory
[    5.029845] i915 0000:00:02.0: vgaarb: deactivate vga console
[    5.031767] Console: switching to colour dummy device 80x25
[    5.040168] i915 0000:00:02.0: vgaarb: changed VGA decodes: olddecodes=io+mem,decodes=io+mem:owns=io+mem
[    5.052197] i915 0000:00:02.0: [drm] *ERROR* CPU pipe B FIFO underrun
[    5.072189] [drm] Initialized i915 1.6.0 20201103 for 0000:00:02.0 on minor 0
[    5.072853] ACPI: video: Video Device [GFX0] (multi-head: yes  rom: no  post: no)
[    5.098029] acpi device:06: registered as cooling_device2
[    5.098127] input: Video Bus as /devices/LNXSYSTM:00/LNXSYBUS:00/PNP0A08:00/LNXVIDEO:01/input/input12
[    5.109619] fbcon: i915drmfb (fb0) is primary device
[    5.430509] ath: EEPROM regdomain: 0x65
[    5.430515] ath: EEPROM indicates we should expect a direct regpair map
[    5.430517] ath: Country alpha2 being used: 00
[    5.430519] ath: Regpair used: 0x65
[    5.432852] ieee80211 phy0: Selected rate control algorithm 'minstrel_ht'
[    5.436547] ieee80211 phy0: Atheros AR9280 Rev:2 mem=0xffffa25f00510000, irq=17
[    5.925431] Console: switching to colour frame buffer device 160x50
[    5.947697] i915 0000:00:02.0: [drm] fb0: i915drmfb frame buffer device
[    5.980151] ath9k 0000:03:00.0 wlp3s0: renamed from wlan0
